2025-11-12T23:30:28.578-05:00  INFO 5516 --- [inventra] [main] com.inventra.app.InventraApplication     : Starting InventraApplication using Java 22.0.2 with PID 5516 (C:\Users\FMSP\Documents\Idea Projects\inventra\target\classes started by FMSP in C:\Users\FMSP\Documents\Idea Projects\inventra)
2025-11-12T23:30:28.584-05:00  INFO 5516 --- [inventra] [main] com.inventra.app.InventraApplication     : The following 1 profile is active: "local"
2025-11-12T23:30:30.492-05:00  INFO 5516 --- [inventra] [main] .s.d.r.c.RepositoryConfigurationDelegate : Bootstrapping Spring Data JPA repositories in DEFAULT mode.
2025-11-12T23:30:30.690-05:00  INFO 5516 --- [inventra] [main] .s.d.r.c.RepositoryConfigurationDelegate : Finished Spring Data repository scanning in 182 ms. Found 7 JPA repository interfaces.
2025-11-12T23:30:33.441-05:00  INFO 5516 --- [inventra] [main] o.s.b.w.embedded.tomcat.TomcatWebServer  : Tomcat initialized with port 8081 (http)
2025-11-12T23:30:33.497-05:00  INFO 5516 --- [inventra] [main] o.apache.catalina.core.StandardService   : Starting service [Tomcat]
2025-11-12T23:30:33.497-05:00  INFO 5516 --- [inventra] [main] o.apache.catalina.core.StandardEngine    : Starting Servlet engine: [Apache Tomcat/10.1.48]
2025-11-12T23:30:33.752-05:00  INFO 5516 --- [inventra] [main] o.a.c.c.C.[Tomcat].[localhost].[/]       : Initializing Spring embedded WebApplicationContext
2025-11-12T23:30:33.752-05:00  INFO 5516 --- [inventra] [main] w.s.c.ServletWebServerApplicationContext : Root WebApplicationContext: initialization completed in 5110 ms
2025-11-12T23:30:34.454-05:00  INFO 5516 --- [inventra] [main] o.hibernate.jpa.internal.util.LogHelper  : HHH000204: Processing PersistenceUnitInfo [name: default]
2025-11-12T23:30:34.680-05:00  INFO 5516 --- [inventra] [main] org.hibernate.Version                    : HHH000412: Hibernate ORM core version 6.6.33.Final
2025-11-12T23:30:34.831-05:00  INFO 5516 --- [inventra] [main] o.h.c.internal.RegionFactoryInitiator    : HHH000026: Second-level cache disabled
2025-11-12T23:30:36.374-05:00  INFO 5516 --- [inventra] [main] o.s.o.j.p.SpringPersistenceUnitInfo      : No LoadTimeWeaver setup: ignoring JPA class transformer
2025-11-12T23:30:36.858-05:00  INFO 5516 --- [inventra] [main] com.zaxxer.hikari.HikariDataSource       : HikariPool-1 - Starting...
2025-11-12T23:30:37.510-05:00  INFO 5516 --- [inventra] [main] com.zaxxer.hikari.pool.HikariPool        : HikariPool-1 - Added connection org.postgresql.jdbc.PgConnection@5aac6f9f
2025-11-12T23:30:37.521-05:00  INFO 5516 --- [inventra] [main] com.zaxxer.hikari.HikariDataSource       : HikariPool-1 - Start completed.
2025-11-12T23:30:38.070-05:00  INFO 5516 --- [inventra] [main] org.hibernate.orm.connections.pooling    : HHH10001005: Database info:
	Database JDBC URL [Connecting through datasource 'HikariDataSource (HikariPool-1)']
	Database driver: undefined/unknown
	Database version: 17.4
	Autocommit mode: undefined/unknown
	Isolation level: undefined/unknown
	Minimum pool size: undefined/unknown
	Maximum pool size: undefined/unknown
2025-11-12T23:30:41.812-05:00  INFO 5516 --- [inventra] [main] o.h.e.t.j.p.i.JtaPlatformInitiator       : HHH000489: No JTA platform available (set 'hibernate.transaction.jta.platform' to enable JTA platform integration)
2025-11-12T23:30:42.220-05:00  INFO 5516 --- [inventra] [main] j.LocalContainerEntityManagerFactoryBean : Initialized JPA EntityManagerFactory for persistence unit 'default'
2025-11-12T23:30:43.277-05:00  INFO 5516 --- [inventra] [main] eAuthenticationProviderManagerConfigurer : Global AuthenticationManager configured with AuthenticationProvider bean with name authenticationProvider
2025-11-12T23:30:45.643-05:00  INFO 5516 --- [inventra] [main] o.s.b.w.embedded.tomcat.TomcatWebServer  : Tomcat started on port 8081 (http) with context path '/'
2025-11-12T23:30:45.680-05:00  INFO 5516 --- [inventra] [main] com.inventra.app.InventraApplication     : Started InventraApplication in 17.822 seconds (process running for 25.709)
2025-11-12T23:30:45.830-05:00  INFO 5516 --- [inventra] [http-nio-8081-exec-1] o.a.c.c.C.[Tomcat].[localhost].[/]       : Initializing Spring DispatcherServlet 'dispatcherServlet'
2025-11-12T23:30:45.833-05:00  INFO 5516 --- [inventra] [http-nio-8081-exec-1] o.s.web.servlet.DispatcherServlet        : Initializing Servlet 'dispatcherServlet'
2025-11-12T23:30:45.833-05:00  INFO 5516 --- [inventra] [http-nio-8081-exec-1] o.s.web.servlet.DispatcherServlet        : Completed initialization in 0 ms
2025-11-12T23:30:46.767-05:00  INFO 5516 --- [inventra] [http-nio-8081-exec-3] c.i.app.service.impl.CategoryService     : ** Finding all categories **
2025-11-12T23:30:46.856-05:00  INFO 5516 --- [inventra] [http-nio-8081-exec-3] c.i.app.service.impl.CategoryService     : ** Categories found: 3**
2025-11-12T23:30:47.101-05:00  WARN 5516 --- [inventra] [http-nio-8081-exec-4] ration$PageModule$WarningLoggingModifier : Serializing PageImpl instances as-is is not supported, meaning that there is no guarantee about the stability of the resulting JSON structure!
	For a stable JSON structure, please use Spring Data's PagedModel (globally via @EnableSpringDataWebSupport(pageSerializationMode = VIA_DTO))
	or Spring HATEOAS and Spring Data's PagedResourcesAssembler as documented in https://docs.spring.io/spring-data/commons/reference/repositories/core-extensions.html#core.web.pageables.

2025-11-12T23:30:47.251-05:00  INFO 5516 --- [inventra] [http-nio-8081-exec-6] c.i.app.service.impl.CategoryService     : ** Finding all categories **
2025-11-12T23:30:47.263-05:00  INFO 5516 --- [inventra] [http-nio-8081-exec-6] c.i.app.service.impl.CategoryService     : ** Categories found: 3**
2025-11-12T23:30:47.259-05:00  INFO 5516 --- [inventra] [http-nio-8081-exec-7] c.i.app.service.impl.ProductService      : ** Finding all products **
2025-11-12T23:30:47.337-05:00  INFO 5516 --- [inventra] [http-nio-8081-exec-7] c.i.app.service.impl.ProductService      : ** Products found: 5**
2025-11-12T23:30:49.887-05:00  INFO 5516 --- [inventra] [http-nio-8081-exec-9] c.i.app.service.impl.SalesService        : ** Listing sales paginated. date filter: null **
2025-11-12T23:30:58.195-05:00  INFO 5516 --- [inventra] [http-nio-8081-exec-4] c.i.app.service.impl.ProductService      : ** Finding all products **
2025-11-12T23:30:58.195-05:00  INFO 5516 --- [inventra] [http-nio-8081-exec-5] c.i.app.service.impl.CategoryService     : ** Finding all categories **
2025-11-12T23:30:58.206-05:00  INFO 5516 --- [inventra] [http-nio-8081-exec-5] c.i.app.service.impl.CategoryService     : ** Categories found: 3**
2025-11-12T23:30:58.217-05:00  INFO 5516 --- [inventra] [http-nio-8081-exec-4] c.i.app.service.impl.ProductService      : ** Products found: 5**
2025-11-12T23:31:00.989-05:00  INFO 5516 --- [inventra] [http-nio-8081-exec-6] c.i.app.service.impl.CategoryService     : ** Finding all categories **
2025-11-12T23:31:00.995-05:00  INFO 5516 --- [inventra] [http-nio-8081-exec-6] c.i.app.service.impl.CategoryService     : ** Categories found: 3**
2025-11-12T23:31:01.003-05:00  INFO 5516 --- [inventra] [http-nio-8081-exec-8] c.i.app.service.impl.ProductService      : ** Finding product by id **
2025-11-12T23:31:01.015-05:00  INFO 5516 --- [inventra] [http-nio-8081-exec-8] c.i.app.service.impl.ProductService      : ** Product found **
2025-11-12T23:31:09.849-05:00  INFO 5516 --- [inventra] [http-nio-8081-exec-10] c.i.app.service.impl.ProductService      : ** Updating product **
2025-11-12T23:31:09.857-05:00  INFO 5516 --- [inventra] [http-nio-8081-exec-10] c.i.app.service.impl.ProductService      : ** Validating category **
2025-11-12T23:31:09.857-05:00  INFO 5516 --- [inventra] [http-nio-8081-exec-10] c.i.app.service.impl.CategoryService     : ** Finding category by id **
2025-11-12T23:31:09.863-05:00  INFO 5516 --- [inventra] [http-nio-8081-exec-10] c.i.app.service.impl.CategoryService     : ** Category found **
2025-11-12T23:31:09.922-05:00  INFO 5516 --- [inventra] [http-nio-8081-exec-10] c.i.app.service.impl.ProductService      : ** Product updated **
2025-11-12T23:31:09.990-05:00  INFO 5516 --- [inventra] [http-nio-8081-exec-3] c.i.app.service.impl.ProductService      : ** Finding all products **
2025-11-12T23:31:09.993-05:00  INFO 5516 --- [inventra] [http-nio-8081-exec-5] c.i.app.service.impl.CategoryService     : ** Finding all categories **
2025-11-12T23:31:10.001-05:00  INFO 5516 --- [inventra] [http-nio-8081-exec-5] c.i.app.service.impl.CategoryService     : ** Categories found: 3**
2025-11-12T23:31:10.009-05:00  INFO 5516 --- [inventra] [http-nio-8081-exec-3] c.i.app.service.impl.ProductService      : ** Products found: 5**
2025-11-12T23:31:13.730-05:00  INFO 5516 --- [inventra] [http-nio-8081-exec-4] c.i.app.service.impl.CategoryService     : ** Finding all categories **
2025-11-12T23:31:13.741-05:00  INFO 5516 --- [inventra] [http-nio-8081-exec-4] c.i.app.service.impl.CategoryService     : ** Categories found: 3**
2025-11-12T23:31:13.743-05:00  INFO 5516 --- [inventra] [http-nio-8081-exec-6] c.i.app.service.impl.ProductService      : ** Finding product by id **
2025-11-12T23:31:13.752-05:00  INFO 5516 --- [inventra] [http-nio-8081-exec-6] c.i.app.service.impl.ProductService      : ** Product found **
2025-11-12T23:31:30.697-05:00  INFO 5516 --- [inventra] [http-nio-8081-exec-9] c.i.app.service.impl.ProductService      : ** Updating product **
2025-11-12T23:31:30.704-05:00  INFO 5516 --- [inventra] [http-nio-8081-exec-9] c.i.app.service.impl.ProductService      : ** Validating category **
2025-11-12T23:31:30.704-05:00  INFO 5516 --- [inventra] [http-nio-8081-exec-9] c.i.app.service.impl.CategoryService     : ** Finding category by id **
2025-11-12T23:31:30.711-05:00  INFO 5516 --- [inventra] [http-nio-8081-exec-9] c.i.app.service.impl.CategoryService     : ** Category found **
2025-11-12T23:31:30.782-05:00  INFO 5516 --- [inventra] [http-nio-8081-exec-9] c.i.app.service.impl.ProductService      : ** Product updated **
2025-11-12T23:31:30.850-05:00  INFO 5516 --- [inventra] [http-nio-8081-exec-2] c.i.app.service.impl.ProductService      : ** Finding all products **
2025-11-12T23:31:30.852-05:00  INFO 5516 --- [inventra] [http-nio-8081-exec-5] c.i.app.service.impl.CategoryService     : ** Finding all categories **
2025-11-12T23:31:30.859-05:00  INFO 5516 --- [inventra] [http-nio-8081-exec-5] c.i.app.service.impl.CategoryService     : ** Categories found: 3**
2025-11-12T23:31:30.869-05:00  INFO 5516 --- [inventra] [http-nio-8081-exec-2] c.i.app.service.impl.ProductService      : ** Products found: 5**
2025-11-12T23:31:54.760-05:00  INFO 5516 --- [inventra] [http-nio-8081-exec-6] c.i.app.service.impl.ProductService      : ** Finding product by id **
2025-11-12T23:31:54.760-05:00  INFO 5516 --- [inventra] [http-nio-8081-exec-8] c.i.app.service.impl.CategoryService     : ** Finding all categories **
2025-11-12T23:31:54.768-05:00  INFO 5516 --- [inventra] [http-nio-8081-exec-6] c.i.app.service.impl.ProductService      : ** Product found **
2025-11-12T23:31:54.768-05:00  INFO 5516 --- [inventra] [http-nio-8081-exec-8] c.i.app.service.impl.CategoryService     : ** Categories found: 3**
2025-11-12T23:32:11.145-05:00  INFO 5516 --- [inventra] [http-nio-8081-exec-10] c.i.app.service.impl.ProductService      : ** Updating product **
2025-11-12T23:32:11.152-05:00  INFO 5516 --- [inventra] [http-nio-8081-exec-10] c.i.app.service.impl.ProductService      : ** Validating category **
2025-11-12T23:32:11.152-05:00  INFO 5516 --- [inventra] [http-nio-8081-exec-10] c.i.app.service.impl.CategoryService     : ** Finding category by id **
2025-11-12T23:32:11.156-05:00  INFO 5516 --- [inventra] [http-nio-8081-exec-10] c.i.app.service.impl.CategoryService     : ** Category found **
2025-11-12T23:32:11.163-05:00  INFO 5516 --- [inventra] [http-nio-8081-exec-10] c.i.app.service.impl.ProductService      : ** Product updated **
2025-11-12T23:32:11.218-05:00  INFO 5516 --- [inventra] [http-nio-8081-exec-3] c.i.app.service.impl.CategoryService     : ** Finding all categories **
2025-11-12T23:32:11.218-05:00  INFO 5516 --- [inventra] [http-nio-8081-exec-2] c.i.app.service.impl.ProductService      : ** Finding all products **
2025-11-12T23:32:11.225-05:00  INFO 5516 --- [inventra] [http-nio-8081-exec-3] c.i.app.service.impl.CategoryService     : ** Categories found: 3**
2025-11-12T23:32:11.235-05:00  INFO 5516 --- [inventra] [http-nio-8081-exec-2] c.i.app.service.impl.ProductService      : ** Products found: 5**
2025-11-12T23:32:13.461-05:00  INFO 5516 --- [inventra] [http-nio-8081-exec-7] c.i.app.service.impl.CategoryService     : ** Finding all categories **
2025-11-12T23:32:13.471-05:00  INFO 5516 --- [inventra] [http-nio-8081-exec-7] c.i.app.service.impl.CategoryService     : ** Categories found: 3**
2025-11-12T23:32:13.471-05:00  INFO 5516 --- [inventra] [http-nio-8081-exec-6] c.i.app.service.impl.ProductService      : ** Finding product by id **
2025-11-12T23:32:13.478-05:00  INFO 5516 --- [inventra] [http-nio-8081-exec-6] c.i.app.service.impl.ProductService      : ** Product found **
2025-11-12T23:34:36.592-05:00  INFO 5516 --- [inventra] [http-nio-8081-exec-1] c.i.app.service.impl.CategoryService     : ** Finding all categories **
2025-11-12T23:34:36.592-05:00  INFO 5516 --- [inventra] [http-nio-8081-exec-3] c.i.app.service.impl.ProductService      : ** Finding product by id **
2025-11-12T23:34:36.593-05:00  INFO 5516 --- [inventra] [http-nio-8081-exec-3] c.i.app.service.impl.ProductService      : ** Product found **
2025-11-12T23:34:36.593-05:00  INFO 5516 --- [inventra] [http-nio-8081-exec-1] c.i.app.service.impl.CategoryService     : ** Categories found: 3**
2025-11-12T23:35:54.702-05:00  INFO 5516 --- [inventra] [http-nio-8081-exec-8] c.i.app.service.impl.CategoryService     : ** Finding all categories **
2025-11-12T23:35:54.702-05:00  INFO 5516 --- [inventra] [http-nio-8081-exec-9] c.i.app.service.impl.ProductService      : ** Finding product by id **
2025-11-12T23:35:54.711-05:00  INFO 5516 --- [inventra] [http-nio-8081-exec-9] c.i.app.service.impl.ProductService      : ** Product found **
2025-11-12T23:35:54.711-05:00  INFO 5516 --- [inventra] [http-nio-8081-exec-8] c.i.app.service.impl.CategoryService     : ** Categories found: 3**
2025-11-12T23:36:00.245-05:00  INFO 5516 --- [inventra] [http-nio-8081-exec-5] c.i.app.service.impl.ProductService      : ** Updating product **
2025-11-12T23:36:00.245-05:00  INFO 5516 --- [inventra] [http-nio-8081-exec-5] c.i.app.service.impl.ProductService      : ** Validating category **
2025-11-12T23:36:00.245-05:00  INFO 5516 --- [inventra] [http-nio-8081-exec-5] c.i.app.service.impl.CategoryService     : ** Finding category by id **
2025-11-12T23:36:00.254-05:00  INFO 5516 --- [inventra] [http-nio-8081-exec-5] c.i.app.service.impl.CategoryService     : ** Category found **
2025-11-12T23:36:00.264-05:00  INFO 5516 --- [inventra] [http-nio-8081-exec-5] c.i.app.service.impl.ProductService      : ** Product updated **
2025-11-12T23:36:00.328-05:00  INFO 5516 --- [inventra] [http-nio-8081-exec-4] c.i.app.service.impl.ProductService      : ** Finding all products **
2025-11-12T23:36:00.328-05:00  INFO 5516 --- [inventra] [http-nio-8081-exec-2] c.i.app.service.impl.CategoryService     : ** Finding all categories **
2025-11-12T23:36:00.334-05:00  INFO 5516 --- [inventra] [http-nio-8081-exec-2] c.i.app.service.impl.CategoryService     : ** Categories found: 3**
2025-11-12T23:36:00.336-05:00  INFO 5516 --- [inventra] [http-nio-8081-exec-4] c.i.app.service.impl.ProductService      : ** Products found: 5**
2025-11-12T23:38:22.560-05:00  INFO 5516 --- [inventra] [http-nio-8081-exec-8] c.i.app.service.impl.SalesService        : ** Listing sales paginated. date filter: null **
2025-11-12T23:40:02.831-05:00  INFO 5516 --- [inventra] [http-nio-8081-exec-7] c.i.app.service.impl.ProductService      : ** Finding all products **
2025-11-12T23:40:02.833-05:00  INFO 5516 --- [inventra] [http-nio-8081-exec-4] c.i.app.service.impl.CategoryService     : ** Finding all categories **
2025-11-12T23:40:02.842-05:00  INFO 5516 --- [inventra] [http-nio-8081-exec-4] c.i.app.service.impl.CategoryService     : ** Categories found: 3**
2025-11-12T23:40:02.849-05:00  INFO 5516 --- [inventra] [http-nio-8081-exec-7] c.i.app.service.impl.ProductService      : ** Products found: 5**
2025-11-12T23:40:05.572-05:00  INFO 5516 --- [inventra] [http-nio-8081-exec-6] c.i.app.service.impl.CategoryService     : ** Finding all categories **
2025-11-12T23:40:05.576-05:00  INFO 5516 --- [inventra] [http-nio-8081-exec-6] c.i.app.service.impl.CategoryService     : ** Categories found: 3**
2025-11-12T23:40:06.833-05:00  INFO 5516 --- [inventra] [http-nio-8081-exec-8] c.i.app.service.impl.SalesService        : ** Listing sales paginated. date filter: null **
2025-11-12T23:41:13.631-05:00  INFO 5516 --- [inventra] [http-nio-8081-exec-7] c.i.app.service.impl.SalesService        : ** Listing sales paginated. date filter: null **
2025-11-12T23:41:17.741-05:00  INFO 5516 --- [inventra] [http-nio-8081-exec-6] c.i.app.service.impl.SalesService        : ** Listing sales paginated. date filter: null **
2025-11-12T23:43:01.195-05:00  INFO 5516 --- [inventra] [http-nio-8081-exec-1] c.i.app.service.impl.SalesService        : ** Listing sales paginated. date filter: null **
2025-11-12T23:43:27.215-05:00  INFO 5516 --- [inventra] [http-nio-8081-exec-3] c.i.app.service.impl.SalesService        : ** Listing sales paginated. date filter: null **
2025-11-12T23:43:49.065-05:00  INFO 5516 --- [inventra] [http-nio-8081-exec-9] c.i.app.service.impl.SalesService        : ** Listing sales paginated. date filter: null **
2025-11-12T23:43:49.713-05:00  INFO 5516 --- [inventra] [http-nio-8081-exec-8] c.i.app.service.impl.SalesService        : ** Listing sales paginated. date filter: null **
2025-11-12T23:44:01.365-05:00  INFO 5516 --- [inventra] [http-nio-8081-exec-5] c.i.app.service.impl.SalesService        : ** Listing sales paginated. date filter: null **
2025-11-12T23:44:57.235-05:00  INFO 5516 --- [inventra] [http-nio-8081-exec-4] c.i.app.service.impl.SalesService        : ** Listing sales paginated. date filter: null **
2025-11-12T23:45:00.982-05:00  INFO 5516 --- [inventra] [http-nio-8081-exec-6] c.i.app.service.impl.SalesService        : ** Listing sales paginated. date filter: null **
2025-11-12T23:45:56.399-05:00  INFO 5516 --- [inventra] [http-nio-8081-exec-2] c.i.app.service.impl.SalesService        : ** Listing sales paginated. date filter: null **
2025-11-12T23:58:03.154-05:00  INFO 5516 --- [inventra] [SpringApplicationShutdownHook] o.s.b.w.e.tomcat.GracefulShutdown        : Commencing graceful shutdown. Waiting for active requests to complete
2025-11-12T23:58:03.169-05:00  INFO 5516 --- [inventra] [tomcat-shutdown] o.s.b.w.e.tomcat.GracefulShutdown        : Graceful shutdown complete
2025-11-12T23:58:03.185-05:00  INFO 5516 --- [inventra] [SpringApplicationShutdownHook] j.LocalContainerEntityManagerFactoryBean : Closing JPA EntityManagerFactory for persistence unit 'default'
2025-11-12T23:58:03.185-05:00  INFO 5516 --- [inventra] [SpringApplicationShutdownHook] com.zaxxer.hikari.HikariDataSource       : HikariPool-1 - Shutdown initiated...
2025-11-12T23:58:03.185-05:00  INFO 5516 --- [inventra] [SpringApplicationShutdownHook] com.zaxxer.hikari.HikariDataSource       : HikariPool-1 - Shutdown completed.
