2025-11-13T08:00:03.462-05:00  INFO 14288 --- [inventra] [main] com.inventra.app.InventraApplication     : Starting InventraApplication using Java 22.0.2 with PID 14288 (C:\Users\FMSP\Documents\Idea Projects\inventra\target\classes started by FMSP in C:\Users\FMSP\Documents\Idea Projects\inventra)
2025-11-13T08:00:03.468-05:00  INFO 14288 --- [inventra] [main] com.inventra.app.InventraApplication     : The following 1 profile is active: "local"
2025-11-13T08:00:05.165-05:00  INFO 14288 --- [inventra] [main] .s.d.r.c.RepositoryConfigurationDelegate : Bootstrapping Spring Data JPA repositories in DEFAULT mode.
2025-11-13T08:00:05.262-05:00  INFO 14288 --- [inventra] [main] .s.d.r.c.RepositoryConfigurationDelegate : Finished Spring Data repository scanning in 94 ms. Found 7 JPA repository interfaces.
2025-11-13T08:00:06.035-05:00  INFO 14288 --- [inventra] [main] o.s.b.w.embedded.tomcat.TomcatWebServer  : Tomcat initialized with port 8081 (http)
2025-11-13T08:00:06.052-05:00  INFO 14288 --- [inventra] [main] o.apache.catalina.core.StandardService   : Starting service [Tomcat]
2025-11-13T08:00:06.052-05:00  INFO 14288 --- [inventra] [main] o.apache.catalina.core.StandardEngine    : Starting Servlet engine: [Apache Tomcat/10.1.48]
2025-11-13T08:00:06.108-05:00  INFO 14288 --- [inventra] [main] o.a.c.c.C.[Tomcat].[localhost].[/]       : Initializing Spring embedded WebApplicationContext
2025-11-13T08:00:06.108-05:00  INFO 14288 --- [inventra] [main] w.s.c.ServletWebServerApplicationContext : Root WebApplicationContext: initialization completed in 2585 ms
2025-11-13T08:00:06.312-05:00  INFO 14288 --- [inventra] [main] o.hibernate.jpa.internal.util.LogHelper  : HHH000204: Processing PersistenceUnitInfo [name: default]
2025-11-13T08:00:06.390-05:00  INFO 14288 --- [inventra] [main] org.hibernate.Version                    : HHH000412: Hibernate ORM core version 6.6.33.Final
2025-11-13T08:00:06.427-05:00  INFO 14288 --- [inventra] [main] o.h.c.internal.RegionFactoryInitiator    : HHH000026: Second-level cache disabled
2025-11-13T08:00:06.810-05:00  INFO 14288 --- [inventra] [main] o.s.o.j.p.SpringPersistenceUnitInfo      : No LoadTimeWeaver setup: ignoring JPA class transformer
2025-11-13T08:00:06.847-05:00  INFO 14288 --- [inventra] [main] com.zaxxer.hikari.HikariDataSource       : HikariPool-1 - Starting...
2025-11-13T08:00:07.153-05:00  INFO 14288 --- [inventra] [main] com.zaxxer.hikari.pool.HikariPool        : HikariPool-1 - Added connection org.postgresql.jdbc.PgConnection@59b98ad1
2025-11-13T08:00:07.156-05:00  INFO 14288 --- [inventra] [main] com.zaxxer.hikari.HikariDataSource       : HikariPool-1 - Start completed.
2025-11-13T08:00:07.265-05:00  INFO 14288 --- [inventra] [main] org.hibernate.orm.connections.pooling    : HHH10001005: Database info:
	Database JDBC URL [Connecting through datasource 'HikariDataSource (HikariPool-1)']
	Database driver: undefined/unknown
	Database version: 17.4
	Autocommit mode: undefined/unknown
	Isolation level: undefined/unknown
	Minimum pool size: undefined/unknown
	Maximum pool size: undefined/unknown
2025-11-13T08:00:08.605-05:00  INFO 14288 --- [inventra] [main] o.h.e.t.j.p.i.JtaPlatformInitiator       : HHH000489: No JTA platform available (set 'hibernate.transaction.jta.platform' to enable JTA platform integration)
2025-11-13T08:00:08.861-05:00  INFO 14288 --- [inventra] [main] j.LocalContainerEntityManagerFactoryBean : Initialized JPA EntityManagerFactory for persistence unit 'default'
2025-11-13T08:00:09.360-05:00  INFO 14288 --- [inventra] [main] eAuthenticationProviderManagerConfigurer : Global AuthenticationManager configured with AuthenticationProvider bean with name authenticationProvider
2025-11-13T08:00:10.487-05:00  INFO 14288 --- [inventra] [main] o.s.b.w.embedded.tomcat.TomcatWebServer  : Tomcat started on port 8081 (http) with context path '/'
2025-11-13T08:00:10.490-05:00  INFO 14288 --- [inventra] [main] com.inventra.app.InventraApplication     : Started InventraApplication in 7.822 seconds (process running for 11.25)
2025-11-13T08:00:30.650-05:00  INFO 14288 --- [inventra] [http-nio-8081-exec-1] o.a.c.c.C.[Tomcat].[localhost].[/]       : Initializing Spring DispatcherServlet 'dispatcherServlet'
2025-11-13T08:00:30.650-05:00  INFO 14288 --- [inventra] [http-nio-8081-exec-1] o.s.web.servlet.DispatcherServlet        : Initializing Servlet 'dispatcherServlet'
2025-11-13T08:00:30.653-05:00  INFO 14288 --- [inventra] [http-nio-8081-exec-1] o.s.web.servlet.DispatcherServlet        : Completed initialization in 3 ms
2025-11-13T08:00:31.077-05:00  INFO 14288 --- [inventra] [http-nio-8081-exec-2] c.inventra.app.service.impl.AuthService  : Login request received
2025-11-13T08:00:31.081-05:00  INFO 14288 --- [inventra] [http-nio-8081-exec-2] c.i.app.service.impl.UsuarioService      : ** Getting user by username **
2025-11-13T08:00:31.521-05:00  INFO 14288 --- [inventra] [http-nio-8081-exec-2] c.i.app.service.impl.UsuarioService      : ** User found **
2025-11-13T08:00:32.003-05:00  INFO 14288 --- [inventra] [http-nio-8081-exec-2] c.inventra.app.service.impl.AuthService  : Login successful
2025-11-13T08:00:32.203-05:00  INFO 14288 --- [inventra] [http-nio-8081-exec-4] c.i.app.service.impl.ProductService      : ** Finding all products **
2025-11-13T08:00:32.208-05:00  INFO 14288 --- [inventra] [http-nio-8081-exec-7] c.i.app.service.impl.CategoryService     : ** Finding all categories **
2025-11-13T08:00:32.260-05:00  INFO 14288 --- [inventra] [http-nio-8081-exec-7] c.i.app.service.impl.CategoryService     : ** Categories found: 3**
2025-11-13T08:00:32.289-05:00  INFO 14288 --- [inventra] [http-nio-8081-exec-4] c.i.app.service.impl.ProductService      : ** Products found: 5**
2025-11-13T08:00:39.769-05:00  INFO 14288 --- [inventra] [http-nio-8081-exec-8] c.i.app.service.impl.CategoryService     : ** Finding all categories **
2025-11-13T08:00:39.778-05:00  INFO 14288 --- [inventra] [http-nio-8081-exec-8] c.i.app.service.impl.CategoryService     : ** Categories found: 3**
2025-11-13T08:00:41.171-05:00  INFO 14288 --- [inventra] [http-nio-8081-exec-10] c.i.app.service.impl.ProductService      : ** Finding all products **
2025-11-13T08:00:41.171-05:00  INFO 14288 --- [inventra] [http-nio-8081-exec-1] c.i.app.service.impl.CategoryService     : ** Finding all categories **
2025-11-13T08:00:41.180-05:00  INFO 14288 --- [inventra] [http-nio-8081-exec-1] c.i.app.service.impl.CategoryService     : ** Categories found: 3**
2025-11-13T08:00:41.193-05:00  INFO 14288 --- [inventra] [http-nio-8081-exec-10] c.i.app.service.impl.ProductService      : ** Products found: 5**
2025-11-13T08:00:42.640-05:00  WARN 14288 --- [inventra] [http-nio-8081-exec-6] ration$PageModule$WarningLoggingModifier : Serializing PageImpl instances as-is is not supported, meaning that there is no guarantee about the stability of the resulting JSON structure!
	For a stable JSON structure, please use Spring Data's PagedModel (globally via @EnableSpringDataWebSupport(pageSerializationMode = VIA_DTO))
	or Spring HATEOAS and Spring Data's PagedResourcesAssembler as documented in https://docs.spring.io/spring-data/commons/reference/repositories/core-extensions.html#core.web.pageables.

2025-11-13T08:00:43.875-05:00  INFO 14288 --- [inventra] [http-nio-8081-exec-7] c.i.app.service.impl.SalesService        : ** Listing sales paginated. date filter: null **
2025-11-13T08:00:51.302-05:00  INFO 14288 --- [inventra] [http-nio-8081-exec-9] c.i.app.service.impl.ClientService       : ** Finding client by id **
2025-11-13T08:00:51.311-05:00  INFO 14288 --- [inventra] [http-nio-8081-exec-9] c.i.app.service.impl.ClientService       : ** Client found **
2025-11-13T08:09:33.758-05:00  INFO 14288 --- [inventra] [http-nio-8081-exec-6] c.i.app.service.impl.CategoryService     : ** Finding all categories **
2025-11-13T08:09:33.766-05:00  INFO 14288 --- [inventra] [http-nio-8081-exec-6] c.i.app.service.impl.CategoryService     : ** Categories found: 3**
2025-11-13T08:21:56.911-05:00  INFO 14288 --- [inventra] [http-nio-8081-exec-6] c.i.app.service.impl.CategoryService     : ** Finding all categories **
2025-11-13T08:21:56.915-05:00  INFO 14288 --- [inventra] [http-nio-8081-exec-2] c.i.app.service.impl.ProductService      : ** Finding all products **
2025-11-13T08:21:56.923-05:00  INFO 14288 --- [inventra] [http-nio-8081-exec-6] c.i.app.service.impl.CategoryService     : ** Categories found: 3**
2025-11-13T08:21:56.941-05:00  INFO 14288 --- [inventra] [http-nio-8081-exec-2] c.i.app.service.impl.ProductService      : ** Products found: 5**
2025-11-13T08:21:58.565-05:00  WARN 14288 --- [inventra] [HikariPool-1:housekeeper] com.zaxxer.hikari.pool.HikariPool        : HikariPool-1 - Thread starvation or clock leap detected (housekeeper delta=6m51s66ms776µs900ns).
2025-11-13T08:22:03.184-05:00  INFO 14288 --- [inventra] [http-nio-8081-exec-7] c.i.app.service.impl.CategoryService     : ** Finding all categories **
2025-11-13T08:22:03.192-05:00  INFO 14288 --- [inventra] [http-nio-8081-exec-7] c.i.app.service.impl.CategoryService     : ** Categories found: 3**
2025-11-13T08:22:08.248-05:00  INFO 14288 --- [inventra] [http-nio-8081-exec-5] c.i.app.service.impl.CategoryService     : ** Finding all categories **
2025-11-13T08:22:08.254-05:00  INFO 14288 --- [inventra] [http-nio-8081-exec-5] c.i.app.service.impl.CategoryService     : ** Categories found: 3**
2025-11-13T08:22:09.739-05:00  INFO 14288 --- [inventra] [http-nio-8081-exec-1] c.i.app.service.impl.CategoryService     : ** Finding all categories **
2025-11-13T08:22:09.739-05:00  INFO 14288 --- [inventra] [http-nio-8081-exec-9] c.i.app.service.impl.ProductService      : ** Finding all products **
2025-11-13T08:22:09.746-05:00  INFO 14288 --- [inventra] [http-nio-8081-exec-1] c.i.app.service.impl.CategoryService     : ** Categories found: 3**
2025-11-13T08:22:09.762-05:00  INFO 14288 --- [inventra] [http-nio-8081-exec-9] c.i.app.service.impl.ProductService      : ** Products found: 5**
2025-11-13T08:22:30.032-05:00  INFO 14288 --- [inventra] [http-nio-8081-exec-6] c.i.app.service.impl.CategoryService     : ** Finding all categories **
2025-11-13T08:22:30.038-05:00  INFO 14288 --- [inventra] [http-nio-8081-exec-6] c.i.app.service.impl.CategoryService     : ** Categories found: 3**
2025-11-13T08:22:31.548-05:00  INFO 14288 --- [inventra] [http-nio-8081-exec-3] c.i.app.service.impl.ProductService      : ** Finding all products **
2025-11-13T08:22:31.548-05:00  INFO 14288 --- [inventra] [http-nio-8081-exec-7] c.i.app.service.impl.CategoryService     : ** Finding all categories **
2025-11-13T08:22:31.553-05:00  INFO 14288 --- [inventra] [http-nio-8081-exec-7] c.i.app.service.impl.CategoryService     : ** Categories found: 3**
2025-11-13T08:22:31.570-05:00  INFO 14288 --- [inventra] [http-nio-8081-exec-3] c.i.app.service.impl.ProductService      : ** Products found: 5**
2025-11-13T08:22:39.087-05:00  INFO 14288 --- [inventra] [http-nio-8081-exec-1] c.i.app.service.impl.ProductService      : ** Finding product by id **
2025-11-13T08:22:39.087-05:00  INFO 14288 --- [inventra] [http-nio-8081-exec-8] c.i.app.service.impl.CategoryService     : ** Finding all categories **
2025-11-13T08:22:39.112-05:00  INFO 14288 --- [inventra] [http-nio-8081-exec-8] c.i.app.service.impl.CategoryService     : ** Categories found: 3**
2025-11-13T08:22:39.113-05:00  INFO 14288 --- [inventra] [http-nio-8081-exec-1] c.i.app.service.impl.ProductService      : ** Product found **
2025-11-13T08:22:46.200-05:00  INFO 14288 --- [inventra] [http-nio-8081-exec-2] c.i.app.service.impl.ProductService      : ** Finding all products **
2025-11-13T08:22:46.200-05:00  INFO 14288 --- [inventra] [http-nio-8081-exec-6] c.i.app.service.impl.CategoryService     : ** Finding all categories **
2025-11-13T08:22:46.208-05:00  INFO 14288 --- [inventra] [http-nio-8081-exec-6] c.i.app.service.impl.CategoryService     : ** Categories found: 3**
2025-11-13T08:22:46.220-05:00  INFO 14288 --- [inventra] [http-nio-8081-exec-2] c.i.app.service.impl.ProductService      : ** Products found: 5**
2025-11-13T08:22:47.635-05:00  INFO 14288 --- [inventra] [http-nio-8081-exec-7] c.i.app.service.impl.CategoryService     : ** Finding all categories **
2025-11-13T08:22:47.647-05:00  INFO 14288 --- [inventra] [http-nio-8081-exec-7] c.i.app.service.impl.CategoryService     : ** Categories found: 3**
2025-11-13T08:22:53.293-05:00  INFO 14288 --- [inventra] [http-nio-8081-exec-8] c.i.app.service.impl.SalesService        : ** Listing sales paginated. date filter: null **
2025-11-13T08:22:56.594-05:00  INFO 14288 --- [inventra] [http-nio-8081-exec-1] c.i.app.service.impl.SalesService        : ** Listing sales paginated. date filter: null **
2025-11-13T08:23:01.083-05:00  INFO 14288 --- [inventra] [http-nio-8081-exec-9] c.i.app.service.impl.ProductService      : ** Finding all products **
2025-11-13T08:23:01.088-05:00  INFO 14288 --- [inventra] [http-nio-8081-exec-2] c.i.app.service.impl.CategoryService     : ** Finding all categories **
2025-11-13T08:23:01.089-05:00  INFO 14288 --- [inventra] [http-nio-8081-exec-2] c.i.app.service.impl.CategoryService     : ** Categories found: 3**
2025-11-13T08:23:01.102-05:00  INFO 14288 --- [inventra] [http-nio-8081-exec-9] c.i.app.service.impl.ProductService      : ** Products found: 5**
2025-11-13T08:23:46.371-05:00  INFO 14288 --- [inventra] [http-nio-8081-exec-3] c.i.app.service.impl.CategoryService     : ** Finding all categories **
2025-11-13T08:23:46.371-05:00  INFO 14288 --- [inventra] [http-nio-8081-exec-3] c.i.app.service.impl.CategoryService     : ** Categories found: 3**
2025-11-13T08:29:23.407-05:00  INFO 14288 --- [inventra] [http-nio-8081-exec-6] c.i.app.service.impl.ClientService       : ** Finding client by id **
2025-11-13T08:29:23.419-05:00  INFO 14288 --- [inventra] [http-nio-8081-exec-6] c.i.app.service.impl.ClientService       : ** Client found **
2025-11-13T08:30:35.232-05:00  INFO 14288 --- [inventra] [http-nio-8081-exec-5] c.i.app.service.impl.SalesService        : ** Listing sales paginated. date filter: null **
2025-11-13T08:30:43.863-05:00  INFO 14288 --- [inventra] [http-nio-8081-exec-1] c.i.app.service.impl.SalesService        : ** Listing sales paginated. date filter: null **
2025-11-13T08:31:13.902-05:00  INFO 14288 --- [inventra] [http-nio-8081-exec-6] c.i.app.service.impl.SalesService        : ** Listing sales paginated. date filter: null **
2025-11-13T08:31:19.738-05:00  INFO 14288 --- [inventra] [http-nio-8081-exec-9] c.i.app.service.impl.CategoryService     : ** Finding all categories **
2025-11-13T08:31:19.745-05:00  INFO 14288 --- [inventra] [http-nio-8081-exec-9] c.i.app.service.impl.CategoryService     : ** Categories found: 3**
2025-11-13T08:31:20.549-05:00  INFO 14288 --- [inventra] [http-nio-8081-exec-3] c.i.app.service.impl.ProductService      : ** Finding all products **
2025-11-13T08:31:20.557-05:00  INFO 14288 --- [inventra] [http-nio-8081-exec-4] c.i.app.service.impl.CategoryService     : ** Finding all categories **
2025-11-13T08:31:20.565-05:00  INFO 14288 --- [inventra] [http-nio-8081-exec-3] c.i.app.service.impl.ProductService      : ** Products found: 5**
2025-11-13T08:31:20.565-05:00  INFO 14288 --- [inventra] [http-nio-8081-exec-4] c.i.app.service.impl.CategoryService     : ** Categories found: 3**
2025-11-13T08:32:57.660-05:00  INFO 14288 --- [inventra] [http-nio-8081-exec-10] c.i.app.service.impl.CategoryService     : ** Finding all categories **
2025-11-13T08:32:57.664-05:00  INFO 14288 --- [inventra] [http-nio-8081-exec-10] c.i.app.service.impl.CategoryService     : ** Categories found: 3**
2025-11-13T08:33:02.830-05:00  INFO 14288 --- [inventra] [http-nio-8081-exec-7] c.i.app.service.impl.CategoryService     : ** Finding all categories **
2025-11-13T08:33:02.836-05:00  INFO 14288 --- [inventra] [http-nio-8081-exec-7] c.i.app.service.impl.CategoryService     : ** Categories found: 3**
2025-11-13T08:35:21.270-05:00  INFO 14288 --- [inventra] [http-nio-8081-exec-1] c.i.app.service.impl.CategoryService     : ** Finding all categories **
2025-11-13T08:35:21.276-05:00  INFO 14288 --- [inventra] [http-nio-8081-exec-1] c.i.app.service.impl.CategoryService     : ** Categories found: 3**
2025-11-13T08:35:46.210-05:00  INFO 14288 --- [inventra] [http-nio-8081-exec-6] c.i.app.service.impl.CategoryService     : ** Finding all categories **
2025-11-13T08:35:46.217-05:00  INFO 14288 --- [inventra] [http-nio-8081-exec-6] c.i.app.service.impl.CategoryService     : ** Categories found: 3**
2025-11-13T08:36:02.408-05:00  INFO 14288 --- [inventra] [http-nio-8081-exec-9] c.i.app.service.impl.CategoryService     : ** Finding all categories **
2025-11-13T08:36:02.408-05:00  INFO 14288 --- [inventra] [http-nio-8081-exec-9] c.i.app.service.impl.CategoryService     : ** Categories found: 3**
2025-11-13T08:36:57.240-05:00  INFO 14288 --- [inventra] [http-nio-8081-exec-4] c.i.app.service.impl.CategoryService     : ** Finding all categories **
2025-11-13T08:36:57.248-05:00  INFO 14288 --- [inventra] [http-nio-8081-exec-4] c.i.app.service.impl.CategoryService     : ** Categories found: 3**
2025-11-13T08:37:25.531-05:00  INFO 14288 --- [inventra] [http-nio-8081-exec-5] c.i.app.service.impl.CategoryService     : ** Finding all categories **
2025-11-13T08:37:25.533-05:00  INFO 14288 --- [inventra] [http-nio-8081-exec-5] c.i.app.service.impl.CategoryService     : ** Categories found: 3**
2025-11-13T08:39:20.455-05:00  INFO 14288 --- [inventra] [SpringApplicationShutdownHook] o.s.b.w.e.tomcat.GracefulShutdown        : Commencing graceful shutdown. Waiting for active requests to complete
2025-11-13T08:39:20.468-05:00  INFO 14288 --- [inventra] [tomcat-shutdown] o.s.b.w.e.tomcat.GracefulShutdown        : Graceful shutdown complete
2025-11-13T08:39:20.468-05:00  INFO 14288 --- [inventra] [SpringApplicationShutdownHook] j.LocalContainerEntityManagerFactoryBean : Closing JPA EntityManagerFactory for persistence unit 'default'
2025-11-13T08:39:20.486-05:00  INFO 14288 --- [inventra] [SpringApplicationShutdownHook] com.zaxxer.hikari.HikariDataSource       : HikariPool-1 - Shutdown initiated...
2025-11-13T08:39:20.486-05:00  INFO 14288 --- [inventra] [SpringApplicationShutdownHook] com.zaxxer.hikari.HikariDataSource       : HikariPool-1 - Shutdown completed.
