2025-11-13T00:22:42.201-05:00  INFO 22524 --- [inventra] [main] com.inventra.app.InventraApplication     : Starting InventraApplication using Java 22.0.2 with PID 22524 (C:\Users\FMSP\Documents\Idea Projects\inventra\target\classes started by FMSP in C:\Users\FMSP\Documents\Idea Projects\inventra)
2025-11-13T00:22:42.205-05:00  INFO 22524 --- [inventra] [main] com.inventra.app.InventraApplication     : The following 1 profile is active: "local"
2025-11-13T00:22:43.573-05:00  INFO 22524 --- [inventra] [main] .s.d.r.c.RepositoryConfigurationDelegate : Bootstrapping Spring Data JPA repositories in DEFAULT mode.
2025-11-13T00:22:43.726-05:00  INFO 22524 --- [inventra] [main] .s.d.r.c.RepositoryConfigurationDelegate : Finished Spring Data repository scanning in 122 ms. Found 7 JPA repository interfaces.
2025-11-13T00:22:44.564-05:00  INFO 22524 --- [inventra] [main] o.s.b.w.embedded.tomcat.TomcatWebServer  : Tomcat initialized with port 8081 (http)
2025-11-13T00:22:44.586-05:00  INFO 22524 --- [inventra] [main] o.apache.catalina.core.StandardService   : Starting service [Tomcat]
2025-11-13T00:22:44.587-05:00  INFO 22524 --- [inventra] [main] o.apache.catalina.core.StandardEngine    : Starting Servlet engine: [Apache Tomcat/10.1.48]
2025-11-13T00:22:44.655-05:00  INFO 22524 --- [inventra] [main] o.a.c.c.C.[Tomcat].[localhost].[/]       : Initializing Spring embedded WebApplicationContext
2025-11-13T00:22:44.656-05:00  INFO 22524 --- [inventra] [main] w.s.c.ServletWebServerApplicationContext : Root WebApplicationContext: initialization completed in 2384 ms
2025-11-13T00:22:44.876-05:00  INFO 22524 --- [inventra] [main] o.hibernate.jpa.internal.util.LogHelper  : HHH000204: Processing PersistenceUnitInfo [name: default]
2025-11-13T00:22:44.947-05:00  INFO 22524 --- [inventra] [main] org.hibernate.Version                    : HHH000412: Hibernate ORM core version 6.6.33.Final
2025-11-13T00:22:44.989-05:00  INFO 22524 --- [inventra] [main] o.h.c.internal.RegionFactoryInitiator    : HHH000026: Second-level cache disabled
2025-11-13T00:22:45.412-05:00  INFO 22524 --- [inventra] [main] o.s.o.j.p.SpringPersistenceUnitInfo      : No LoadTimeWeaver setup: ignoring JPA class transformer
2025-11-13T00:22:45.457-05:00  INFO 22524 --- [inventra] [main] com.zaxxer.hikari.HikariDataSource       : HikariPool-1 - Starting...
2025-11-13T00:22:45.714-05:00  INFO 22524 --- [inventra] [main] com.zaxxer.hikari.pool.HikariPool        : HikariPool-1 - Added connection org.postgresql.jdbc.PgConnection@6124dda2
2025-11-13T00:22:45.719-05:00  INFO 22524 --- [inventra] [main] com.zaxxer.hikari.HikariDataSource       : HikariPool-1 - Start completed.
2025-11-13T00:22:45.815-05:00  INFO 22524 --- [inventra] [main] org.hibernate.orm.connections.pooling    : HHH10001005: Database info:
	Database JDBC URL [Connecting through datasource 'HikariDataSource (HikariPool-1)']
	Database driver: undefined/unknown
	Database version: 17.4
	Autocommit mode: undefined/unknown
	Isolation level: undefined/unknown
	Minimum pool size: undefined/unknown
	Maximum pool size: undefined/unknown
2025-11-13T00:22:47.456-05:00  INFO 22524 --- [inventra] [main] o.h.e.t.j.p.i.JtaPlatformInitiator       : HHH000489: No JTA platform available (set 'hibernate.transaction.jta.platform' to enable JTA platform integration)
2025-11-13T00:22:47.685-05:00  INFO 22524 --- [inventra] [main] j.LocalContainerEntityManagerFactoryBean : Initialized JPA EntityManagerFactory for persistence unit 'default'
2025-11-13T00:22:48.367-05:00  INFO 22524 --- [inventra] [main] eAuthenticationProviderManagerConfigurer : Global AuthenticationManager configured with AuthenticationProvider bean with name authenticationProvider
2025-11-13T00:22:49.828-05:00  INFO 22524 --- [inventra] [main] o.s.b.w.embedded.tomcat.TomcatWebServer  : Tomcat started on port 8081 (http) with context path '/'
2025-11-13T00:22:49.844-05:00  INFO 22524 --- [inventra] [main] com.inventra.app.InventraApplication     : Started InventraApplication in 8.482 seconds (process running for 9.48)
2025-11-13T00:22:55.746-05:00  INFO 22524 --- [inventra] [http-nio-8081-exec-1] o.a.c.c.C.[Tomcat].[localhost].[/]       : Initializing Spring DispatcherServlet 'dispatcherServlet'
2025-11-13T00:22:55.746-05:00  INFO 22524 --- [inventra] [http-nio-8081-exec-1] o.s.web.servlet.DispatcherServlet        : Initializing Servlet 'dispatcherServlet'
2025-11-13T00:22:55.750-05:00  INFO 22524 --- [inventra] [http-nio-8081-exec-1] o.s.web.servlet.DispatcherServlet        : Completed initialization in 0 ms
2025-11-13T00:22:56.613-05:00  INFO 22524 --- [inventra] [http-nio-8081-exec-2] c.i.app.service.impl.SalesService        : ** Listing sales paginated. date filter: null **
2025-11-13T00:22:57.046-05:00  WARN 22524 --- [inventra] [http-nio-8081-exec-2] ration$PageModule$WarningLoggingModifier : Serializing PageImpl instances as-is is not supported, meaning that there is no guarantee about the stability of the resulting JSON structure!
	For a stable JSON structure, please use Spring Data's PagedModel (globally via @EnableSpringDataWebSupport(pageSerializationMode = VIA_DTO))
	or Spring HATEOAS and Spring Data's PagedResourcesAssembler as documented in https://docs.spring.io/spring-data/commons/reference/repositories/core-extensions.html#core.web.pageables.

2025-11-13T00:22:57.948-05:00  INFO 22524 --- [inventra] [http-nio-8081-exec-6] c.i.app.service.impl.SalesService        : ** Listing sales paginated. date filter: null **
2025-11-13T00:23:00.175-05:00  INFO 22524 --- [inventra] [http-nio-8081-exec-4] c.i.app.service.impl.SalesService        : ** Listing sales paginated. date filter: null **
2025-11-13T00:23:59.064-05:00  INFO 22524 --- [inventra] [http-nio-8081-exec-8] c.i.app.service.impl.SalesService        : ** Listing sales paginated. date filter: null **
2025-11-13T00:28:57.190-05:00  WARN 22524 --- [inventra] [HikariPool-1:housekeeper] com.zaxxer.hikari.pool.HikariPool        : HikariPool-1 - Thread starvation or clock leap detected (housekeeper delta=4m27s131ms706µs300ns).
2025-11-13T00:28:57.282-05:00  INFO 22524 --- [inventra] [SpringApplicationShutdownHook] o.s.b.w.e.tomcat.GracefulShutdown        : Commencing graceful shutdown. Waiting for active requests to complete
2025-11-13T00:28:57.304-05:00  INFO 22524 --- [inventra] [tomcat-shutdown] o.s.b.w.e.tomcat.GracefulShutdown        : Graceful shutdown complete
2025-11-13T00:28:57.310-05:00  INFO 22524 --- [inventra] [SpringApplicationShutdownHook] j.LocalContainerEntityManagerFactoryBean : Closing JPA EntityManagerFactory for persistence unit 'default'
2025-11-13T00:28:57.313-05:00  INFO 22524 --- [inventra] [SpringApplicationShutdownHook] com.zaxxer.hikari.HikariDataSource       : HikariPool-1 - Shutdown initiated...
2025-11-13T00:28:57.313-05:00  INFO 22524 --- [inventra] [SpringApplicationShutdownHook] com.zaxxer.hikari.HikariDataSource       : HikariPool-1 - Shutdown completed.
