2025-11-13T08:39:29.678-05:00  INFO 12760 --- [inventra] [main] com.inventra.app.InventraApplication     : Starting InventraApplication using Java 22.0.2 with PID 12760 (C:\Users\FMSP\Documents\Idea Projects\inventra\target\classes started by FMSP in C:\Users\FMSP\Documents\Idea Projects\inventra)
2025-11-13T08:39:29.681-05:00  INFO 12760 --- [inventra] [main] com.inventra.app.InventraApplication     : The following 1 profile is active: "local"
2025-11-13T08:39:31.536-05:00  INFO 12760 --- [inventra] [main] .s.d.r.c.RepositoryConfigurationDelegate : Bootstrapping Spring Data JPA repositories in DEFAULT mode.
2025-11-13T08:39:31.743-05:00  INFO 12760 --- [inventra] [main] .s.d.r.c.RepositoryConfigurationDelegate : Finished Spring Data repository scanning in 169 ms. Found 7 JPA repository interfaces.
2025-11-13T08:39:33.250-05:00  INFO 12760 --- [inventra] [main] o.s.b.w.embedded.tomcat.TomcatWebServer  : Tomcat initialized with port 8081 (http)
2025-11-13T08:39:33.286-05:00  INFO 12760 --- [inventra] [main] o.apache.catalina.core.StandardService   : Starting service [Tomcat]
2025-11-13T08:39:33.286-05:00  INFO 12760 --- [inventra] [main] o.apache.catalina.core.StandardEngine    : Starting Servlet engine: [Apache Tomcat/10.1.48]
2025-11-13T08:39:33.431-05:00  INFO 12760 --- [inventra] [main] o.a.c.c.C.[Tomcat].[localhost].[/]       : Initializing Spring embedded WebApplicationContext
2025-11-13T08:39:33.431-05:00  INFO 12760 --- [inventra] [main] w.s.c.ServletWebServerApplicationContext : Root WebApplicationContext: initialization completed in 3687 ms
2025-11-13T08:39:33.778-05:00  INFO 12760 --- [inventra] [main] o.hibernate.jpa.internal.util.LogHelper  : HHH000204: Processing PersistenceUnitInfo [name: default]
2025-11-13T08:39:33.906-05:00  INFO 12760 --- [inventra] [main] org.hibernate.Version                    : HHH000412: Hibernate ORM core version 6.6.33.Final
2025-11-13T08:39:34.038-05:00  INFO 12760 --- [inventra] [main] o.h.c.internal.RegionFactoryInitiator    : HHH000026: Second-level cache disabled
2025-11-13T08:39:34.677-05:00  INFO 12760 --- [inventra] [main] o.s.o.j.p.SpringPersistenceUnitInfo      : No LoadTimeWeaver setup: ignoring JPA class transformer
2025-11-13T08:39:34.752-05:00  INFO 12760 --- [inventra] [main] com.zaxxer.hikari.HikariDataSource       : HikariPool-1 - Starting...
2025-11-13T08:39:35.547-05:00  INFO 12760 --- [inventra] [main] com.zaxxer.hikari.pool.HikariPool        : HikariPool-1 - Added connection org.postgresql.jdbc.PgConnection@8aa5ab4
2025-11-13T08:39:35.550-05:00  INFO 12760 --- [inventra] [main] com.zaxxer.hikari.HikariDataSource       : HikariPool-1 - Start completed.
2025-11-13T08:39:35.717-05:00  INFO 12760 --- [inventra] [main] org.hibernate.orm.connections.pooling    : HHH10001005: Database info:
	Database JDBC URL [Connecting through datasource 'HikariDataSource (HikariPool-1)']
	Database driver: undefined/unknown
	Database version: 17.4
	Autocommit mode: undefined/unknown
	Isolation level: undefined/unknown
	Minimum pool size: undefined/unknown
	Maximum pool size: undefined/unknown
2025-11-13T08:39:38.071-05:00  INFO 12760 --- [inventra] [main] o.h.e.t.j.p.i.JtaPlatformInitiator       : HHH000489: No JTA platform available (set 'hibernate.transaction.jta.platform' to enable JTA platform integration)
2025-11-13T08:39:38.325-05:00  INFO 12760 --- [inventra] [main] j.LocalContainerEntityManagerFactoryBean : Initialized JPA EntityManagerFactory for persistence unit 'default'
2025-11-13T08:39:39.033-05:00  INFO 12760 --- [inventra] [main] o.s.d.j.r.query.QueryEnhancerFactory     : Hibernate is in classpath; If applicable, HQL parser will be used.
2025-11-13T08:39:42.555-05:00  INFO 12760 --- [inventra] [main] eAuthenticationProviderManagerConfigurer : Global AuthenticationManager configured with AuthenticationProvider bean with name authenticationProvider
2025-11-13T08:39:44.994-05:00  INFO 12760 --- [inventra] [main] o.s.b.w.embedded.tomcat.TomcatWebServer  : Tomcat started on port 8081 (http) with context path '/'
2025-11-13T08:39:45.019-05:00  INFO 12760 --- [inventra] [main] com.inventra.app.InventraApplication     : Started InventraApplication in 16.146 seconds (process running for 17.623)
2025-11-13T08:39:50.038-05:00  INFO 12760 --- [inventra] [http-nio-8081-exec-1] o.a.c.c.C.[Tomcat].[localhost].[/]       : Initializing Spring DispatcherServlet 'dispatcherServlet'
2025-11-13T08:39:50.039-05:00  INFO 12760 --- [inventra] [http-nio-8081-exec-1] o.s.web.servlet.DispatcherServlet        : Initializing Servlet 'dispatcherServlet'
2025-11-13T08:39:50.039-05:00  INFO 12760 --- [inventra] [http-nio-8081-exec-1] o.s.web.servlet.DispatcherServlet        : Completed initialization in 0 ms
2025-11-13T08:39:50.756-05:00  INFO 12760 --- [inventra] [http-nio-8081-exec-2] c.i.app.service.impl.UsuarioService      : ** Finding users (non-admin) by name/username paginated: null **
2025-11-13T08:39:51.036-05:00  WARN 12760 --- [inventra] [http-nio-8081-exec-2] ration$PageModule$WarningLoggingModifier : Serializing PageImpl instances as-is is not supported, meaning that there is no guarantee about the stability of the resulting JSON structure!
	For a stable JSON structure, please use Spring Data's PagedModel (globally via @EnableSpringDataWebSupport(pageSerializationMode = VIA_DTO))
	or Spring HATEOAS and Spring Data's PagedResourcesAssembler as documented in https://docs.spring.io/spring-data/commons/reference/repositories/core-extensions.html#core.web.pageables.

2025-11-13T08:40:12.837-05:00  INFO 12760 --- [inventra] [http-nio-8081-exec-4] c.i.app.service.impl.UsuarioService      : ** Finding users (non-admin) by name/username paginated: null **
2025-11-13T08:42:56.957-05:00  INFO 12760 --- [inventra] [http-nio-8081-exec-8] c.i.app.service.impl.UsuarioService      : ** Finding users (non-admin) by name/username paginated: null **
2025-11-13T08:43:53.164-05:00  INFO 12760 --- [inventra] [http-nio-8081-exec-9] c.i.app.service.impl.SalesService        : ** Listing sales paginated. date filter: null **
2025-11-13T08:43:58.990-05:00  INFO 12760 --- [inventra] [http-nio-8081-exec-1] c.i.app.service.impl.UsuarioService      : ** Finding users (non-admin) by name/username paginated: null **
2025-11-13T08:45:51.017-05:00  INFO 12760 --- [inventra] [http-nio-8081-exec-4] c.i.app.service.impl.UsuarioService      : ** Finding users (non-admin) by name/username paginated: null **
2025-11-13T08:46:08.438-05:00  INFO 12760 --- [inventra] [http-nio-8081-exec-6] c.i.app.service.impl.SalesService        : ** Listing sales paginated. date filter: null **
2025-11-13T08:46:10.753-05:00  INFO 12760 --- [inventra] [http-nio-8081-exec-10] c.i.app.service.impl.UsuarioService      : ** Finding users (non-admin) by name/username paginated: null **
2025-11-13T08:46:15.119-05:00  INFO 12760 --- [inventra] [http-nio-8081-exec-2] c.i.app.service.impl.SalesService        : ** Listing sales paginated. date filter: null **
2025-11-13T08:46:15.654-05:00  INFO 12760 --- [inventra] [http-nio-8081-exec-3] c.i.app.service.impl.UsuarioService      : ** Finding users (non-admin) by name/username paginated: null **
2025-11-13T08:47:12.436-05:00  INFO 12760 --- [inventra] [http-nio-8081-exec-5] c.i.app.service.impl.UsuarioService      : ** Finding users (non-admin) by name/username paginated: null **
2025-11-13T08:47:59.144-05:00  INFO 12760 --- [inventra] [http-nio-8081-exec-8] c.i.app.service.impl.UsuarioService      : ** Finding users (non-admin) by name/username paginated: null **
2025-11-13T08:50:26.576-05:00  INFO 12760 --- [inventra] [http-nio-8081-exec-2] c.i.app.service.impl.CategoryService     : ** Finding all categories **
2025-11-13T08:50:26.584-05:00  INFO 12760 --- [inventra] [http-nio-8081-exec-1] c.i.app.service.impl.ProductService      : ** Finding all products **
2025-11-13T08:50:26.592-05:00  INFO 12760 --- [inventra] [http-nio-8081-exec-2] c.i.app.service.impl.CategoryService     : ** Categories found: 3**
2025-11-13T08:50:26.616-05:00  INFO 12760 --- [inventra] [http-nio-8081-exec-1] c.i.app.service.impl.ProductService      : ** Products found: 5**
2025-11-13T08:50:27.840-05:00  INFO 12760 --- [inventra] [http-nio-8081-exec-3] c.i.app.service.impl.CategoryService     : ** Finding all categories **
2025-11-13T08:50:27.850-05:00  INFO 12760 --- [inventra] [http-nio-8081-exec-3] c.i.app.service.impl.CategoryService     : ** Categories found: 3**
2025-11-13T08:50:33.658-05:00  INFO 12760 --- [inventra] [http-nio-8081-exec-8] c.i.app.service.impl.SalesService        : ** Listing sales paginated. date filter: null **
2025-11-13T08:50:52.661-05:00  INFO 12760 --- [inventra] [http-nio-8081-exec-3] c.i.app.service.impl.SalesService        : ** Listing sales paginated. date filter: null **
2025-11-13T08:50:53.834-05:00  INFO 12760 --- [inventra] [http-nio-8081-exec-4] c.i.app.service.impl.SalesService        : ** Listing sales paginated. date filter: null **
2025-11-13T08:50:55.155-05:00  INFO 12760 --- [inventra] [http-nio-8081-exec-6] c.i.app.service.impl.UsuarioService      : ** Finding users (non-admin) by name/username paginated: null **
2025-11-13T08:50:56.779-05:00  INFO 12760 --- [inventra] [http-nio-8081-exec-10] c.i.app.service.impl.CategoryService     : ** Finding all categories **
2025-11-13T08:50:56.781-05:00  INFO 12760 --- [inventra] [http-nio-8081-exec-9] c.i.app.service.impl.ProductService      : ** Finding all products **
2025-11-13T08:50:56.787-05:00  INFO 12760 --- [inventra] [http-nio-8081-exec-10] c.i.app.service.impl.CategoryService     : ** Categories found: 3**
2025-11-13T08:50:56.809-05:00  INFO 12760 --- [inventra] [http-nio-8081-exec-9] c.i.app.service.impl.ProductService      : ** Products found: 5**
2025-11-13T08:50:57.923-05:00  INFO 12760 --- [inventra] [http-nio-8081-exec-2] c.i.app.service.impl.CategoryService     : ** Finding all categories **
2025-11-13T08:50:57.928-05:00  INFO 12760 --- [inventra] [http-nio-8081-exec-2] c.i.app.service.impl.CategoryService     : ** Categories found: 3**
2025-11-13T08:50:59.405-05:00  INFO 12760 --- [inventra] [http-nio-8081-exec-1] c.i.app.service.impl.UsuarioService      : ** Finding users (non-admin) by name/username paginated: null **
2025-11-13T08:54:36.078-05:00  INFO 12760 --- [inventra] [http-nio-8081-exec-6] c.i.app.service.impl.UsuarioService      : ** Finding users (non-admin) by name/username paginated: null **
2025-11-13T08:54:56.035-05:00  INFO 12760 --- [inventra] [http-nio-8081-exec-8] c.i.app.service.impl.UsuarioService      : ** Finding users (non-admin) by name/username paginated: null **
2025-11-13T08:55:11.391-05:00  INFO 12760 --- [inventra] [http-nio-8081-exec-1] c.i.app.service.impl.UsuarioService      : ** Finding users (non-admin) by name/username paginated: null **
2025-11-13T08:57:36.318-05:00  INFO 12760 --- [inventra] [SpringApplicationShutdownHook] o.s.b.w.e.tomcat.GracefulShutdown        : Commencing graceful shutdown. Waiting for active requests to complete
2025-11-13T08:57:36.334-05:00  INFO 12760 --- [inventra] [tomcat-shutdown] o.s.b.w.e.tomcat.GracefulShutdown        : Graceful shutdown complete
2025-11-13T08:57:36.351-05:00  INFO 12760 --- [inventra] [SpringApplicationShutdownHook] j.LocalContainerEntityManagerFactoryBean : Closing JPA EntityManagerFactory for persistence unit 'default'
2025-11-13T08:57:36.351-05:00  INFO 12760 --- [inventra] [SpringApplicationShutdownHook] com.zaxxer.hikari.HikariDataSource       : HikariPool-1 - Shutdown initiated...
2025-11-13T08:57:36.351-05:00  INFO 12760 --- [inventra] [SpringApplicationShutdownHook] com.zaxxer.hikari.HikariDataSource       : HikariPool-1 - Shutdown completed.
